// Jest Snapshot v1, https://goo.gl/fbAQLP

exports[`Link changes the class when hovered 1`] = `
<div
  className="instructions"
>
  <h2>
    Get ready...
  </h2>
   
</div>
`;
